// Jest Snapshot v1, https://goo.gl/fbAQLP

exports[`renders correctly 1`] = `
<button
  style={
    Object {
      "backgroundColor": "teal",
      "border": "none",
      "borderRadius": 4,
      "color": "white",
      "fontWeight": "bold",
      "height": 32,
      "minWidth": 100,
      "padding": "0 16px",
    }
  }
>
  Hello Guys
</button>
`;
